[0.003s][info][gc] Using G1
[0.010s][info][gc,init] Version: 17.0.7+7-jvmci-23.0-b12 (release)
[0.010s][info][gc,init] CPUs: 8 total, 8 available
[0.010s][info][gc,init] Memory: 23929M
[0.010s][info][gc,init] Large Page Support: Disabled
[0.010s][info][gc,init] NUMA Support: Disabled
[0.010s][info][gc,init] Compressed Oops: Enabled (Zero based)
[0.010s][info][gc,init] Heap Region Size: 2M
[0.010s][info][gc,init] Heap Min Capacity: 4G
[0.010s][info][gc,init] Heap Initial Capacity: 4G
[0.010s][info][gc,init] Heap Max Capacity: 4G
[0.010s][info][gc,init] Pre-touch: Disabled
[0.010s][info][gc,init] Parallel Workers: 8
[0.010s][info][gc,init] Concurrent Workers: 2
[0.010s][info][gc,init] Concurrent Refinement Workers: 8
[0.010s][info][gc,init] Periodic GC: Disabled
[0.010s][info][gc,metaspace] CDS archive(s) mapped at: [0x0000000800000000-0x0000000800bcb000-0x0000000800bcb000), size 12365824, SharedBaseAddress: 0x0000000800000000, ArchiveRelocationMode: 0.
[0.010s][info][gc,metaspace] Compressed class space mapped at: 0x0000000801000000-0x0000000841000000, reserved size: 1073741824
[0.010s][info][gc,metaspace] Narrow klass base: 0x0000000800000000, Narrow klass shift: 0, Narrow klass range: 0x100000000
[0.809s][info][gc,start    ] GC(0) Pause Young (Concurrent Start) (Metadata GC Threshold)
[0.809s][info][gc,task     ] GC(0) Using 8 workers of 8 for evacuation
[0.816s][info][gc,phases   ] GC(0)   Pre Evacuate Collection Set: 0.1ms
[0.816s][info][gc,phases   ] GC(0)   Merge Heap Roots: 0.1ms
[0.816s][info][gc,phases   ] GC(0)   Evacuate Collection Set: 6.1ms
[0.816s][info][gc,phases   ] GC(0)   Post Evacuate Collection Set: 0.8ms
[0.816s][info][gc,phases   ] GC(0)   Other: 0.4ms
[0.816s][info][gc,heap     ] GC(0) Eden regions: 45->0(1019)
[0.816s][info][gc,heap     ] GC(0) Survivor regions: 0->5(128)
[0.816s][info][gc,heap     ] GC(0) Old regions: 0->0
[0.816s][info][gc,heap     ] GC(0) Archive regions: 2->2
[0.816s][info][gc,heap     ] GC(0) Humongous regions: 0->0
[0.816s][info][gc,metaspace] GC(0) Metaspace: 21276K(21504K)->21276K(21504K) NonClass: 18712K(18816K)->18712K(18816K) Class: 2564K(2688K)->2564K(2688K)
[0.816s][info][gc          ] GC(0) Pause Young (Concurrent Start) (Metadata GC Threshold) 91M->11M(4096M) 7.578ms
[0.816s][info][gc,cpu      ] GC(0) User=0.02s Sys=0.03s Real=0.00s
[0.816s][info][gc          ] GC(1) Concurrent Mark Cycle
[0.816s][info][gc,marking  ] GC(1) Concurrent Clear Claimed Marks
[0.816s][info][gc,marking  ] GC(1) Concurrent Clear Claimed Marks 0.025ms
[0.816s][info][gc,marking  ] GC(1) Concurrent Scan Root Regions
[0.818s][info][gc,marking  ] GC(1) Concurrent Scan Root Regions 2.028ms
[0.818s][info][gc,marking  ] GC(1) Concurrent Mark
[0.818s][info][gc,marking  ] GC(1) Concurrent Mark From Roots
[0.818s][info][gc,task     ] GC(1) Using 2 workers of 2 for marking
[0.819s][info][gc,marking  ] GC(1) Concurrent Mark From Roots 0.982ms
[0.819s][info][gc,marking  ] GC(1) Concurrent Preclean
[0.819s][info][gc,marking  ] GC(1) Concurrent Preclean 0.045ms
[0.820s][info][gc,start    ] GC(1) Pause Remark
[0.821s][info][gc          ] GC(1) Pause Remark 12M->12M(4096M) 1.010ms
[0.821s][info][gc,cpu      ] GC(1) User=0.00s Sys=0.00s Real=0.00s
[0.821s][info][gc,marking  ] GC(1) Concurrent Mark 2.197ms
[0.821s][info][gc,marking  ] GC(1) Concurrent Rebuild Remembered Sets
[0.821s][info][gc,marking  ] GC(1) Concurrent Rebuild Remembered Sets 0.003ms
[0.821s][info][gc,start    ] GC(1) Pause Cleanup
[0.821s][info][gc          ] GC(1) Pause Cleanup 12M->12M(4096M) 0.005ms
[0.821s][info][gc,cpu      ] GC(1) User=0.00s Sys=0.00s Real=0.00s
[0.821s][info][gc,marking  ] GC(1) Concurrent Cleanup for Next Mark
[0.826s][info][gc,marking  ] GC(1) Concurrent Cleanup for Next Mark 5.281ms
[0.826s][info][gc          ] GC(1) Concurrent Mark Cycle 9.766ms
[10.290s][info][gc,heap,exit] Heap
[10.290s][info][gc,heap,exit]  garbage-first heap   total 4194304K, used 75308K [0x0000000700000000, 0x0000000800000000)
[10.290s][info][gc,heap,exit]   region size 2048K, 36 young (73728K), 5 survivors (10240K)
[10.290s][info][gc,heap,exit]  Metaspace       used 30620K, committed 31040K, reserved 1114112K
[10.290s][info][gc,heap,exit]   class space    used 3753K, committed 3968K, reserved 1048576K
