[0.002s][info][gc] Using G1
[0.009s][info][gc,init] Version: 17.0.7+7-jvmci-23.0-b12 (release)
[0.009s][info][gc,init] CPUs: 8 total, 8 available
[0.009s][info][gc,init] Memory: 23929M
[0.009s][info][gc,init] Large Page Support: Disabled
[0.009s][info][gc,init] NUMA Support: Disabled
[0.009s][info][gc,init] Compressed Oops: Enabled (Zero based)
[0.009s][info][gc,init] Heap Region Size: 2M
[0.009s][info][gc,init] Heap Min Capacity: 4G
[0.009s][info][gc,init] Heap Initial Capacity: 4G
[0.009s][info][gc,init] Heap Max Capacity: 4G
[0.009s][info][gc,init] Pre-touch: Disabled
[0.009s][info][gc,init] Parallel Workers: 8
[0.009s][info][gc,init] Concurrent Workers: 2
[0.009s][info][gc,init] Concurrent Refinement Workers: 8
[0.009s][info][gc,init] Periodic GC: Disabled
[0.009s][info][gc,metaspace] CDS archive(s) mapped at: [0x0000000800000000-0x0000000800bcb000-0x0000000800bcb000), size 12365824, SharedBaseAddress: 0x0000000800000000, ArchiveRelocationMode: 0.
[0.009s][info][gc,metaspace] Compressed class space mapped at: 0x0000000801000000-0x0000000841000000, reserved size: 1073741824
[0.009s][info][gc,metaspace] Narrow klass base: 0x0000000800000000, Narrow klass shift: 0, Narrow klass range: 0x100000000
[0.851s][info][gc,start    ] GC(0) Pause Young (Concurrent Start) (Metadata GC Threshold)
[0.852s][info][gc,task     ] GC(0) Using 8 workers of 8 for evacuation
[0.862s][info][gc,phases   ] GC(0)   Pre Evacuate Collection Set: 0.2ms
[0.862s][info][gc,phases   ] GC(0)   Merge Heap Roots: 0.1ms
[0.862s][info][gc,phases   ] GC(0)   Evacuate Collection Set: 9.0ms
[0.862s][info][gc,phases   ] GC(0)   Post Evacuate Collection Set: 0.9ms
[0.862s][info][gc,phases   ] GC(0)   Other: 0.9ms
[0.862s][info][gc,heap     ] GC(0) Eden regions: 52->0(1017)
[0.862s][info][gc,heap     ] GC(0) Survivor regions: 0->7(128)
[0.862s][info][gc,heap     ] GC(0) Old regions: 0->0
[0.862s][info][gc,heap     ] GC(0) Archive regions: 2->2
[0.862s][info][gc,heap     ] GC(0) Humongous regions: 0->0
[0.862s][info][gc,metaspace] GC(0) Metaspace: 21268K(21504K)->21268K(21504K) NonClass: 18740K(18816K)->18740K(18816K) Class: 2528K(2688K)->2528K(2688K)
[0.862s][info][gc          ] GC(0) Pause Young (Concurrent Start) (Metadata GC Threshold) 105M->14M(4096M) 11.039ms
[0.862s][info][gc,cpu      ] GC(0) User=0.03s Sys=0.05s Real=0.01s
[0.862s][info][gc          ] GC(1) Concurrent Mark Cycle
[0.862s][info][gc,marking  ] GC(1) Concurrent Clear Claimed Marks
[0.862s][info][gc,marking  ] GC(1) Concurrent Clear Claimed Marks 0.019ms
[0.862s][info][gc,marking  ] GC(1) Concurrent Scan Root Regions
[0.864s][info][gc,marking  ] GC(1) Concurrent Scan Root Regions 2.297ms
[0.864s][info][gc,marking  ] GC(1) Concurrent Mark
[0.864s][info][gc,marking  ] GC(1) Concurrent Mark From Roots
[0.864s][info][gc,task     ] GC(1) Using 2 workers of 2 for marking
[0.865s][info][gc,marking  ] GC(1) Concurrent Mark From Roots 1.082ms
[0.865s][info][gc,marking  ] GC(1) Concurrent Preclean
[0.865s][info][gc,marking  ] GC(1) Concurrent Preclean 0.045ms
[0.866s][info][gc,start    ] GC(1) Pause Remark
[0.867s][info][gc          ] GC(1) Pause Remark 15M->15M(4096M) 1.869ms
[0.868s][info][gc,cpu      ] GC(1) User=0.00s Sys=0.00s Real=0.00s
[0.868s][info][gc,marking  ] GC(1) Concurrent Mark 3.246ms
[0.868s][info][gc,marking  ] GC(1) Concurrent Rebuild Remembered Sets
[0.868s][info][gc,marking  ] GC(1) Concurrent Rebuild Remembered Sets 0.003ms
[0.868s][info][gc,start    ] GC(1) Pause Cleanup
[0.868s][info][gc          ] GC(1) Pause Cleanup 15M->15M(4096M) 0.029ms
[0.868s][info][gc,cpu      ] GC(1) User=0.00s Sys=0.00s Real=0.00s
[0.868s][info][gc,marking  ] GC(1) Concurrent Cleanup for Next Mark
[0.872s][info][gc,marking  ] GC(1) Concurrent Cleanup for Next Mark 4.789ms
[0.872s][info][gc          ] GC(1) Concurrent Mark Cycle 10.586ms
[1.431s][info][gc,start    ] GC(2) Pause Young (Concurrent Start) (Metadata GC Threshold)
[1.431s][info][gc,task     ] GC(2) Using 8 workers of 8 for evacuation
[1.436s][info][gc,phases   ] GC(2)   Pre Evacuate Collection Set: 0.2ms
[1.436s][info][gc,phases   ] GC(2)   Merge Heap Roots: 0.1ms
[1.436s][info][gc,phases   ] GC(2)   Evacuate Collection Set: 4.7ms
[1.436s][info][gc,phases   ] GC(2)   Post Evacuate Collection Set: 0.5ms
[1.436s][info][gc,phases   ] GC(2)   Other: 0.1ms
[1.436s][info][gc,heap     ] GC(2) Eden regions: 35->0(1015)
[1.436s][info][gc,heap     ] GC(2) Survivor regions: 7->9(128)
[1.436s][info][gc,heap     ] GC(2) Old regions: 0->0
[1.436s][info][gc,heap     ] GC(2) Archive regions: 2->2
[1.436s][info][gc,heap     ] GC(2) Humongous regions: 0->0
[1.436s][info][gc,metaspace] GC(2) Metaspace: 35703K(36096K)->35703K(36096K) NonClass: 31149K(31360K)->31149K(31360K) Class: 4554K(4736K)->4554K(4736K)
[1.436s][info][gc          ] GC(2) Pause Young (Concurrent Start) (Metadata GC Threshold) 83M->19M(4096M) 5.737ms
[1.436s][info][gc,cpu      ] GC(2) User=0.03s Sys=0.00s Real=0.00s
[1.436s][info][gc          ] GC(3) Concurrent Mark Cycle
[1.436s][info][gc,marking  ] GC(3) Concurrent Clear Claimed Marks
[1.437s][info][gc,marking  ] GC(3) Concurrent Clear Claimed Marks 0.027ms
[1.437s][info][gc,marking  ] GC(3) Concurrent Scan Root Regions
[1.440s][info][gc,marking  ] GC(3) Concurrent Scan Root Regions 3.058ms
[1.440s][info][gc,marking  ] GC(3) Concurrent Mark
[1.440s][info][gc,marking  ] GC(3) Concurrent Mark From Roots
[1.440s][info][gc,task     ] GC(3) Using 2 workers of 2 for marking
[1.441s][info][gc,marking  ] GC(3) Concurrent Mark From Roots 0.965ms
[1.441s][info][gc,marking  ] GC(3) Concurrent Preclean
[1.441s][info][gc,marking  ] GC(3) Concurrent Preclean 0.043ms
[1.441s][info][gc,start    ] GC(3) Pause Remark
[1.442s][info][gc          ] GC(3) Pause Remark 20M->20M(4096M) 1.614ms
[1.442s][info][gc,cpu      ] GC(3) User=0.01s Sys=0.01s Real=0.00s
[1.442s][info][gc,marking  ] GC(3) Concurrent Mark 2.818ms
[1.442s][info][gc,marking  ] GC(3) Concurrent Rebuild Remembered Sets
[1.442s][info][gc,marking  ] GC(3) Concurrent Rebuild Remembered Sets 0.003ms
[1.442s][info][gc,start    ] GC(3) Pause Cleanup
[1.442s][info][gc          ] GC(3) Pause Cleanup 20M->20M(4096M) 0.006ms
[1.442s][info][gc,cpu      ] GC(3) User=0.00s Sys=0.00s Real=0.00s
[1.442s][info][gc,marking  ] GC(3) Concurrent Cleanup for Next Mark
[1.447s][info][gc,marking  ] GC(3) Concurrent Cleanup for Next Mark 4.402ms
[1.447s][info][gc          ] GC(3) Concurrent Mark Cycle 10.462ms
[13.938s][info][gc,start    ] GC(4) Pause Young (Concurrent Start) (Metadata GC Threshold)
[13.938s][info][gc,task     ] GC(4) Using 8 workers of 8 for evacuation
[13.948s][info][gc,phases   ] GC(4)   Pre Evacuate Collection Set: 0.2ms
[13.948s][info][gc,phases   ] GC(4)   Merge Heap Roots: 0.1ms
[13.948s][info][gc,phases   ] GC(4)   Evacuate Collection Set: 8.4ms
[13.948s][info][gc,phases   ] GC(4)   Post Evacuate Collection Set: 1.1ms
[13.948s][info][gc,phases   ] GC(4)   Other: 0.2ms
[13.948s][info][gc,heap     ] GC(4) Eden regions: 63->0(1011)
[13.948s][info][gc,heap     ] GC(4) Survivor regions: 9->13(128)
[13.948s][info][gc,heap     ] GC(4) Old regions: 0->0
[13.948s][info][gc,heap     ] GC(4) Archive regions: 2->2
[13.948s][info][gc,heap     ] GC(4) Humongous regions: 0->0
[13.948s][info][gc,metaspace] GC(4) Metaspace: 60215K(60608K)->60215K(60608K) NonClass: 52209K(52416K)->52209K(52416K) Class: 8005K(8192K)->8005K(8192K)
[13.948s][info][gc          ] GC(4) Pause Young (Concurrent Start) (Metadata GC Threshold) 144M->26M(4096M) 10.137ms
[13.948s][info][gc,cpu      ] GC(4) User=0.05s Sys=0.00s Real=0.01s
[13.948s][info][gc          ] GC(5) Concurrent Mark Cycle
[13.948s][info][gc,marking  ] GC(5) Concurrent Clear Claimed Marks
[13.948s][info][gc,marking  ] GC(5) Concurrent Clear Claimed Marks 0.040ms
[13.948s][info][gc,marking  ] GC(5) Concurrent Scan Root Regions
[13.953s][info][gc,marking  ] GC(5) Concurrent Scan Root Regions 5.157ms
[13.953s][info][gc,marking  ] GC(5) Concurrent Mark
[13.953s][info][gc,marking  ] GC(5) Concurrent Mark From Roots
[13.953s][info][gc,task     ] GC(5) Using 2 workers of 2 for marking
[13.954s][info][gc,marking  ] GC(5) Concurrent Mark From Roots 1.010ms
[13.954s][info][gc,marking  ] GC(5) Concurrent Preclean
[13.954s][info][gc,marking  ] GC(5) Concurrent Preclean 0.049ms
[13.955s][info][gc,start    ] GC(5) Pause Remark
[13.957s][info][gc          ] GC(5) Pause Remark 27M->27M(4096M) 2.786ms
[13.957s][info][gc,cpu      ] GC(5) User=0.00s Sys=0.00s Real=0.00s
[13.957s][info][gc,marking  ] GC(5) Concurrent Mark 4.097ms
[13.957s][info][gc,marking  ] GC(5) Concurrent Rebuild Remembered Sets
[13.957s][info][gc,marking  ] GC(5) Concurrent Rebuild Remembered Sets 0.004ms
[13.958s][info][gc,start    ] GC(5) Pause Cleanup
[13.958s][info][gc          ] GC(5) Pause Cleanup 27M->27M(4096M) 0.008ms
[13.958s][info][gc,cpu      ] GC(5) User=0.00s Sys=0.00s Real=0.00s
[13.958s][info][gc,marking  ] GC(5) Concurrent Cleanup for Next Mark
[13.964s][info][gc,marking  ] GC(5) Concurrent Cleanup for Next Mark 6.644ms
[13.964s][info][gc          ] GC(5) Concurrent Mark Cycle 16.189ms
[21.218s][info][gc,heap,exit] Heap
[21.218s][info][gc,heap,exit]  garbage-first heap   total 4194304K, used 44169K [0x0000000700000000, 0x0000000800000000)
[21.218s][info][gc,heap,exit]   region size 2048K, 22 young (45056K), 13 survivors (26624K)
[21.218s][info][gc,heap,exit]  Metaspace       used 61061K, committed 61632K, reserved 1114112K
[21.218s][info][gc,heap,exit]   class space    used 8181K, committed 8448K, reserved 1048576K
